Archive Project report for 230_Project_Master
Thu Mar 31 00:37:36 2016
Quartus II 32-bit Version 11.1 Build 173 11/01/2011 SJ Web Edition


---------------------
; Table of Contents ;
---------------------
  1. Legal Notice
  2. Archive Project Summary
  3. Archive Project Messages
  4. Files Archived



----------------
; Legal Notice ;
----------------
Copyright (C) 1991-2011 Altera Corporation
Your use of Altera Corporation's design tools, logic functions 
and other software and tools, and its AMPP partner logic 
functions, and any output files from any of the foregoing 
(including device programming or simulation files), and any 
associated documentation or information are expressly subject 
to the terms and conditions of the Altera Program License 
Subscription Agreement, Altera MegaCore Function License 
Agreement, or other applicable license agreement, including, 
without limitation, that your use is for the sole purpose of 
programming logic devices manufactured by Altera and sold by 
Altera or its authorized distributors.  Please refer to the 
applicable agreement for further details.



+----------------------------------------------------------------+
; Archive Project Summary                                        ;
+------------------------+---------------------------------------+
; Archive Project Status ; Successful - Thu Mar 31 00:37:36 2016 ;
; Revision Name          ; 230_Project_Master                    ;
; Top-level Entity Name  ; Processor                             ;
; Family                 ; Cyclone II                            ;
+------------------------+---------------------------------------+


+--------------------------+
; Archive Project Messages ;
+--------------------------+
Info: File Set 'Source control' contains:
    Info: Project source and settings files
    Info: Automatically detected source files
Info: ----------------------------------------------------------
Info: ----------------------------------------------------------
Info: Generated archive 'Z:/Csce 230 Lab Files/ProjectFiles/Part2/230Project-master/230_Project_Master.qar'
Info: ----------------------------------------------------------
Info: ----------------------------------------------------------
Info: Generated report '230_Project_Master.archive.rpt'
Info (23030): Evaluation of Tcl script c:/altera/11.1/quartus/common/tcl/apps/qpm/qar.tcl was successful
Info: Quartus II 32-bit Shell was successful. 0 errors, 0 warnings
    Info: Peak virtual memory: 220 megabytes
    Info: Processing ended: Thu Mar 31 00:37:36 2016
    Info: Elapsed time: 00:00:05
    Info: Total CPU time (on all processors): 00:00:02


+---------------------------------------------------------------+
; Files Archived                                                ;
+---------------------------------------------------------------+
; File Name                                                     ;
+---------------------------------------------------------------+
; 230_Project_Master.qpf                                        ;
; 230_Project_Master.qsf                                        ;
; 230_Project_Master_assignment_defaults.qdf                    ;
; Adder1bit/Adder1bit.bdf                                       ;
; ALU_Complete.bdf                                              ;
; ALU_out_multiplexer/ALU_out_multiplexer.bdf                   ;
; AND16bit/AND16bit.bdf                                         ;
; ControlUnit.vhdl                                              ;
; ControlUnit/Team11_Lab9.vhdl                                  ;
; FullAdder16bit/FullAdder16bit.bdf                             ;
; incremental_db/compiled_partitions/230_Project_Master.db_info ;
; InputSelector/InputSelector.bdf                               ;
; LogicFlags/LogicFlags.bdf                                     ;
; MainProject/MainProject.bdf                                   ;
; OR16bit/OR16bit.bdf                                           ;
; Processor.bdf                                                 ;
; Project Part II/buffReg16.vhdl                                ;
; Project Part II/immediate.vhd                                 ;
; Project Part II/IR24.vhd                                      ;
; Project Part II/ProcessorStatusRegister.vhd                   ;
; Project Part II/srcSwitch.vhdl                                ;
; Project Part II/Team11_Part2.do                               ;
; RegisterFIle/decoder16.vhd                                    ;
; RegisterFIle/mux16.vhd                                        ;
; RegisterFIle/reg16.vhd                                        ;
; RegisterFIle/SixteenRegisterFile.bdf                          ;
; SixteenThreeToOneMux.bdf                                      ;
; SixteenTwoToOne/SixteenTwoToOneMux.bdf                        ;
; updatedAND.bdf                                                ;
; XOR16bit/XOR16bit.bdf                                         ;
+---------------------------------------------------------------+


